mkdir -p bin
c++ -std=c++20 -Wall -Wextra -pedantic -I/opt/homebrew/Cellar/ftxui/6.1.9/include -I/opt/homebrew/Cellar/spdlog/1.15.3/include -DSPDLOG_SHARED_LIB -DSPDLOG_COMPILED_LIB -DSPDLOG_FMT_EXTERNAL -I/opt/homebrew/Cellar/fmt/11.2.0/include -I../deps/simdjson -I../deps -I../deps/asio -I../deps/json_struct -I../deps/atomic_queue -I../deps/token-estimator -I. -Iinclude main.cpp network/mcp_client.cpp core/state_manager.cpp core/input_handler.cpp components/conversation_log_manager.cpp components/input_with_history.cpp components/ui_renderer.cpp ../deps/simdjson/simdjson.cpp ../deps/token-estimator/token_est.cpp -o bin/demo -L/opt/homebrew/Cellar/ftxui/6.1.9/lib -lftxui-component -lftxui-dom -lftxui-screen -L/opt/homebrew/Cellar/spdlog/1.15.3/lib -lspdlog -pthread -L/opt/homebrew/Cellar/fmt/11.2.0/lib -lfmt
c++ -std=c++20 -Wall -Wextra -pedantic -I/opt/homebrew/Cellar/spdlog/1.15.3/include -DSPDLOG_SHARED_LIB -DSPDLOG_COMPILED_LIB -DSPDLOG_FMT_EXTERNAL -I/opt/homebrew/Cellar/fmt/11.2.0/include -I../deps/simdjson -I../deps -I../deps/asio -I../deps/json_struct -I../deps/atomic_queue -I../deps/token-estimator -I. -Iinclude -c core/headless_application.cpp network/mcp_client.cpp core/state_manager.cpp core/input_handler.cpp ../deps/simdjson/simdjson.cpp ../deps/token-estimator/token_est.cpp
ar rcs libheadless.a *.o
rm -f *.o
c++ -std=c++20 -Wall -Wextra -pedantic -I/opt/homebrew/Cellar/spdlog/1.15.3/include -DSPDLOG_SHARED_LIB -DSPDLOG_COMPILED_LIB -DSPDLOG_FMT_EXTERNAL -I/opt/homebrew/Cellar/fmt/11.2.0/include -I../deps/simdjson -I../deps -I../deps/asio -I../deps/json_struct -I../deps/atomic_queue -I../deps/token-estimator -I. -Iinclude ../tests/example_headless_tests.cpp -L. -lheadless -o bin/test-headless -L/opt/homebrew/Cellar/spdlog/1.15.3/lib -lspdlog -pthread -L/opt/homebrew/Cellar/fmt/11.2.0/lib -lfmt
c++ -std=c++20 -Wall -Wextra -pedantic -I/opt/homebrew/Cellar/spdlog/1.15.3/include -DSPDLOG_SHARED_LIB -DSPDLOG_COMPILED_LIB -DSPDLOG_FMT_EXTERNAL -I/opt/homebrew/Cellar/fmt/11.2.0/include -I../deps/simdjson -I../deps -I../deps/asio -I../deps/json_struct -I../deps/atomic_queue -I../deps/token-estimator -I. -Iinclude ../tests/simple_headless_test.cpp -L. -lheadless -o bin/simple-test -L/opt/homebrew/Cellar/spdlog/1.15.3/lib -lspdlog -pthread -L/opt/homebrew/Cellar/fmt/11.2.0/lib -lfmt
c++ -std=c++20 -Wall -Wextra -pedantic -I/opt/homebrew/Cellar/spdlog/1.15.3/include -DSPDLOG_SHARED_LIB -DSPDLOG_COMPILED_LIB -DSPDLOG_FMT_EXTERNAL -I/opt/homebrew/Cellar/fmt/11.2.0/include -I../deps/simdjson -I../deps -I../deps/asio -I../deps/json_struct -I../deps/atomic_queue -I../deps/token-estimator -I. -Iinclude headless_cli.cpp -L. -lheadless -o bin/headless-cli -L/opt/homebrew/Cellar/spdlog/1.15.3/lib -lspdlog -pthread -L/opt/homebrew/Cellar/fmt/11.2.0/lib -lfmt
